// Jest Snapshot v1, https://goo.gl/fbAQLP

exports[`Loader should transform imports for slashed imports 1`] = `"module.exports = require('lodash').map"`;

exports[`Loader should transform imports for slashed imports 2`] = `"module.exports = require('lodash').camelCase"`;
